  Determining projects to restore...
  All projects are up-to-date for restore.
  BankingEcosystem.Interop -> C:\project\bank_ecosystem\src\BankingEcosystem.Interop\bin\Debug\net10.0-windows\BankingEcosystem.Interop.dll
  BankingEcosystem.Shared -> C:\project\bank_ecosystem\src\BankingEcosystem.Shared\bin\Debug\net10.0-windows\BankingEcosystem.Shared.dll
C:\project\bank_ecosystem\src\BankingEcosystem.Atm.AppLayer\Services\TransactionService.cs(54,45): error CS0103: The name 'AtmState' does not exist in the current context [C:\project\bank_ecosystem\src\BankingEcosystem.Atm.AppLayer\BankingEcosystem.Atm.AppLayer.csproj]
C:\project\bank_ecosystem\src\BankingEcosystem.Atm.AppLayer\Services\TransactionService.cs(61,49): error CS0103: The name 'AtmState' does not exist in the current context [C:\project\bank_ecosystem\src\BankingEcosystem.Atm.AppLayer\BankingEcosystem.Atm.AppLayer.csproj]
C:\project\bank_ecosystem\src\BankingEcosystem.Atm.AppLayer\Services\TransactionService.cs(74,53): error CS0103: The name 'AtmState' does not exist in the current context [C:\project\bank_ecosystem\src\BankingEcosystem.Atm.AppLayer\BankingEcosystem.Atm.AppLayer.csproj]
C:\project\bank_ecosystem\src\BankingEcosystem.Atm.AppLayer\Services\TransactionService.cs(79,49): error CS0103: The name 'AtmState' does not exist in the current context [C:\project\bank_ecosystem\src\BankingEcosystem.Atm.AppLayer\BankingEcosystem.Atm.AppLayer.csproj]
C:\project\bank_ecosystem\src\BankingEcosystem.Atm.AppLayer\Services\TransactionService.cs(87,53): error CS0103: The name 'AtmState' does not exist in the current context [C:\project\bank_ecosystem\src\BankingEcosystem.Atm.AppLayer\BankingEcosystem.Atm.AppLayer.csproj]
C:\project\bank_ecosystem\src\BankingEcosystem.Atm.AppLayer\Services\TransactionService.cs(107,47): error CS0103: The name 'AtmState' does not exist in the current context [C:\project\bank_ecosystem\src\BankingEcosystem.Atm.AppLayer\BankingEcosystem.Atm.AppLayer.csproj]
C:\project\bank_ecosystem\src\BankingEcosystem.Atm.AppLayer\Services\TransactionService.cs(109,47): error CS0103: The name 'AtmState' does not exist in the current context [C:\project\bank_ecosystem\src\BankingEcosystem.Atm.AppLayer\BankingEcosystem.Atm.AppLayer.csproj]
C:\project\bank_ecosystem\src\BankingEcosystem.Atm.AppLayer\Services\TransactionService.cs(117,49): error CS0103: The name 'AtmState' does not exist in the current context [C:\project\bank_ecosystem\src\BankingEcosystem.Atm.AppLayer\BankingEcosystem.Atm.AppLayer.csproj]
C:\project\bank_ecosystem\src\BankingEcosystem.Atm.AppLayer\Services\TransactionService.cs(129,45): error CS0103: The name 'AtmState' does not exist in the current context [C:\project\bank_ecosystem\src\BankingEcosystem.Atm.AppLayer\BankingEcosystem.Atm.AppLayer.csproj]
C:\project\bank_ecosystem\src\BankingEcosystem.Atm.AppLayer\Services\TransactionService.cs(139,53): error CS0103: The name 'AtmState' does not exist in the current context [C:\project\bank_ecosystem\src\BankingEcosystem.Atm.AppLayer\BankingEcosystem.Atm.AppLayer.csproj]
C:\project\bank_ecosystem\src\BankingEcosystem.Atm.AppLayer\Services\TransactionService.cs(167,47): error CS0103: The name 'AtmState' does not exist in the current context [C:\project\bank_ecosystem\src\BankingEcosystem.Atm.AppLayer\BankingEcosystem.Atm.AppLayer.csproj]
C:\project\bank_ecosystem\src\BankingEcosystem.Atm.AppLayer\Services\TransactionService.cs(168,47): error CS0103: The name 'AtmState' does not exist in the current context [C:\project\bank_ecosystem\src\BankingEcosystem.Atm.AppLayer\BankingEcosystem.Atm.AppLayer.csproj]
C:\project\bank_ecosystem\src\BankingEcosystem.Atm.AppLayer\Services\TransactionService.cs(176,49): error CS0103: The name 'AtmState' does not exist in the current context [C:\project\bank_ecosystem\src\BankingEcosystem.Atm.AppLayer\BankingEcosystem.Atm.AppLayer.csproj]

Build FAILED.

C:\project\bank_ecosystem\src\BankingEcosystem.Atm.AppLayer\Services\TransactionService.cs(54,45): error CS0103: The name 'AtmState' does not exist in the current context [C:\project\bank_ecosystem\src\BankingEcosystem.Atm.AppLayer\BankingEcosystem.Atm.AppLayer.csproj]
C:\project\bank_ecosystem\src\BankingEcosystem.Atm.AppLayer\Services\TransactionService.cs(61,49): error CS0103: The name 'AtmState' does not exist in the current context [C:\project\bank_ecosystem\src\BankingEcosystem.Atm.AppLayer\BankingEcosystem.Atm.AppLayer.csproj]
C:\project\bank_ecosystem\src\BankingEcosystem.Atm.AppLayer\Services\TransactionService.cs(74,53): error CS0103: The name 'AtmState' does not exist in the current context [C:\project\bank_ecosystem\src\BankingEcosystem.Atm.AppLayer\BankingEcosystem.Atm.AppLayer.csproj]
C:\project\bank_ecosystem\src\BankingEcosystem.Atm.AppLayer\Services\TransactionService.cs(79,49): error CS0103: The name 'AtmState' does not exist in the current context [C:\project\bank_ecosystem\src\BankingEcosystem.Atm.AppLayer\BankingEcosystem.Atm.AppLayer.csproj]
C:\project\bank_ecosystem\src\BankingEcosystem.Atm.AppLayer\Services\TransactionService.cs(87,53): error CS0103: The name 'AtmState' does not exist in the current context [C:\project\bank_ecosystem\src\BankingEcosystem.Atm.AppLayer\BankingEcosystem.Atm.AppLayer.csproj]
C:\project\bank_ecosystem\src\BankingEcosystem.Atm.AppLayer\Services\TransactionService.cs(107,47): error CS0103: The name 'AtmState' does not exist in the current context [C:\project\bank_ecosystem\src\BankingEcosystem.Atm.AppLayer\BankingEcosystem.Atm.AppLayer.csproj]
C:\project\bank_ecosystem\src\BankingEcosystem.Atm.AppLayer\Services\TransactionService.cs(109,47): error CS0103: The name 'AtmState' does not exist in the current context [C:\project\bank_ecosystem\src\BankingEcosystem.Atm.AppLayer\BankingEcosystem.Atm.AppLayer.csproj]
C:\project\bank_ecosystem\src\BankingEcosystem.Atm.AppLayer\Services\TransactionService.cs(117,49): error CS0103: The name 'AtmState' does not exist in the current context [C:\project\bank_ecosystem\src\BankingEcosystem.Atm.AppLayer\BankingEcosystem.Atm.AppLayer.csproj]
C:\project\bank_ecosystem\src\BankingEcosystem.Atm.AppLayer\Services\TransactionService.cs(129,45): error CS0103: The name 'AtmState' does not exist in the current context [C:\project\bank_ecosystem\src\BankingEcosystem.Atm.AppLayer\BankingEcosystem.Atm.AppLayer.csproj]
C:\project\bank_ecosystem\src\BankingEcosystem.Atm.AppLayer\Services\TransactionService.cs(139,53): error CS0103: The name 'AtmState' does not exist in the current context [C:\project\bank_ecosystem\src\BankingEcosystem.Atm.AppLayer\BankingEcosystem.Atm.AppLayer.csproj]
C:\project\bank_ecosystem\src\BankingEcosystem.Atm.AppLayer\Services\TransactionService.cs(167,47): error CS0103: The name 'AtmState' does not exist in the current context [C:\project\bank_ecosystem\src\BankingEcosystem.Atm.AppLayer\BankingEcosystem.Atm.AppLayer.csproj]
C:\project\bank_ecosystem\src\BankingEcosystem.Atm.AppLayer\Services\TransactionService.cs(168,47): error CS0103: The name 'AtmState' does not exist in the current context [C:\project\bank_ecosystem\src\BankingEcosystem.Atm.AppLayer\BankingEcosystem.Atm.AppLayer.csproj]
C:\project\bank_ecosystem\src\BankingEcosystem.Atm.AppLayer\Services\TransactionService.cs(176,49): error CS0103: The name 'AtmState' does not exist in the current context [C:\project\bank_ecosystem\src\BankingEcosystem.Atm.AppLayer\BankingEcosystem.Atm.AppLayer.csproj]
    0 Warning(s)
    13 Error(s)

Time Elapsed 00:00:03.83
