  Determining projects to restore...
  All projects are up-to-date for restore.
  BankingEcosystem.Shared -> C:\project\bank_ecosystem\src\BankingEcosystem.Shared\bin\Debug\net10.0\BankingEcosystem.Shared.dll
C:\project\bank_ecosystem\src\BankingEcosystem.Backend\Data\DbInitializer.cs(32,188): error CS0117: 'Account' does not contain a definition for 'Status' [C:\project\bank_ecosystem\src\BankingEcosystem.Backend\BankingEcosystem.Backend.csproj]
C:\project\bank_ecosystem\src\BankingEcosystem.Backend\Data\DbInitializer.cs(34,186): error CS0117: 'Account' does not contain a definition for 'Status' [C:\project\bank_ecosystem\src\BankingEcosystem.Backend\BankingEcosystem.Backend.csproj]
C:\project\bank_ecosystem\src\BankingEcosystem.Backend\Data\DbInitializer.cs(36,190): error CS0117: 'Account' does not contain a definition for 'Status' [C:\project\bank_ecosystem\src\BankingEcosystem.Backend\BankingEcosystem.Backend.csproj]
C:\project\bank_ecosystem\src\BankingEcosystem.Backend\Data\DbInitializer.cs(48,182): error CS0117: 'Card' does not contain a definition for 'Status' [C:\project\bank_ecosystem\src\BankingEcosystem.Backend\BankingEcosystem.Backend.csproj]
C:\project\bank_ecosystem\src\BankingEcosystem.Backend\Data\DbInitializer.cs(50,182): error CS0117: 'Card' does not contain a definition for 'Status' [C:\project\bank_ecosystem\src\BankingEcosystem.Backend\BankingEcosystem.Backend.csproj]
C:\project\bank_ecosystem\src\BankingEcosystem.Backend\Data\DbInitializer.cs(52,182): error CS0117: 'Card' does not contain a definition for 'Status' [C:\project\bank_ecosystem\src\BankingEcosystem.Backend\BankingEcosystem.Backend.csproj]

Build FAILED.

C:\project\bank_ecosystem\src\BankingEcosystem.Backend\Data\DbInitializer.cs(32,188): error CS0117: 'Account' does not contain a definition for 'Status' [C:\project\bank_ecosystem\src\BankingEcosystem.Backend\BankingEcosystem.Backend.csproj]
C:\project\bank_ecosystem\src\BankingEcosystem.Backend\Data\DbInitializer.cs(34,186): error CS0117: 'Account' does not contain a definition for 'Status' [C:\project\bank_ecosystem\src\BankingEcosystem.Backend\BankingEcosystem.Backend.csproj]
C:\project\bank_ecosystem\src\BankingEcosystem.Backend\Data\DbInitializer.cs(36,190): error CS0117: 'Account' does not contain a definition for 'Status' [C:\project\bank_ecosystem\src\BankingEcosystem.Backend\BankingEcosystem.Backend.csproj]
C:\project\bank_ecosystem\src\BankingEcosystem.Backend\Data\DbInitializer.cs(48,182): error CS0117: 'Card' does not contain a definition for 'Status' [C:\project\bank_ecosystem\src\BankingEcosystem.Backend\BankingEcosystem.Backend.csproj]
C:\project\bank_ecosystem\src\BankingEcosystem.Backend\Data\DbInitializer.cs(50,182): error CS0117: 'Card' does not contain a definition for 'Status' [C:\project\bank_ecosystem\src\BankingEcosystem.Backend\BankingEcosystem.Backend.csproj]
C:\project\bank_ecosystem\src\BankingEcosystem.Backend\Data\DbInitializer.cs(52,182): error CS0117: 'Card' does not contain a definition for 'Status' [C:\project\bank_ecosystem\src\BankingEcosystem.Backend\BankingEcosystem.Backend.csproj]
    0 Warning(s)
    6 Error(s)

Time Elapsed 00:00:10.66
