  Determining projects to restore...
  All projects are up-to-date for restore.
  BankingEcosystem.Shared -> c:\project\bank_ecosystem\src\BankingEcosystem.Shared\bin\Debug\net10.0\BankingEcosystem.Shared.dll
C:\Program Files\dotnet\sdk\10.0.102\Microsoft.Common.CurrentVersion.targets(5080,5): warning MSB3026: Could not copy "c:\project\bank_ecosystem\src\BankingEcosystem.Shared\bin\Debug\net10.0\BankingEcosystem.Shared.dll" to "bin\Debug\net10.0\BankingEcosystem.Shared.dll". Beginning retry 1 in 1000ms. The process cannot access the file 'c:\project\bank_ecosystem\src\BankingEcosystem.Backend\bin\Debug\net10.0\BankingEcosystem.Shared.dll' because it is being used by another process. The file is locked by: "BankingEcosystem.Backend (3420)" [c:\project\bank_ecosystem\src\BankingEcosystem.Backend\BankingEcosystem.Backend.csproj]
C:\Program Files\dotnet\sdk\10.0.102\Microsoft.Common.CurrentVersion.targets(5080,5): warning MSB3026: Could not copy "c:\project\bank_ecosystem\src\BankingEcosystem.Shared\bin\Debug\net10.0\BankingEcosystem.Shared.dll" to "bin\Debug\net10.0\BankingEcosystem.Shared.dll". Beginning retry 2 in 1000ms. The process cannot access the file 'c:\project\bank_ecosystem\src\BankingEcosystem.Backend\bin\Debug\net10.0\BankingEcosystem.Shared.dll' because it is being used by another process. The file is locked by: "BankingEcosystem.Backend (3420)" [c:\project\bank_ecosystem\src\BankingEcosystem.Backend\BankingEcosystem.Backend.csproj]
C:\Program Files\dotnet\sdk\10.0.102\Microsoft.Common.CurrentVersion.targets(5080,5): warning MSB3026: Could not copy "c:\project\bank_ecosystem\src\BankingEcosystem.Shared\bin\Debug\net10.0\BankingEcosystem.Shared.dll" to "bin\Debug\net10.0\BankingEcosystem.Shared.dll". Beginning retry 3 in 1000ms. The process cannot access the file 'c:\project\bank_ecosystem\src\BankingEcosystem.Backend\bin\Debug\net10.0\BankingEcosystem.Shared.dll' because it is being used by another process. The file is locked by: "BankingEcosystem.Backend (3420)" [c:\project\bank_ecosystem\src\BankingEcosystem.Backend\BankingEcosystem.Backend.csproj]
C:\Program Files\dotnet\sdk\10.0.102\Microsoft.Common.CurrentVersion.targets(5080,5): warning MSB3026: Could not copy "c:\project\bank_ecosystem\src\BankingEcosystem.Shared\bin\Debug\net10.0\BankingEcosystem.Shared.dll" to "bin\Debug\net10.0\BankingEcosystem.Shared.dll". Beginning retry 4 in 1000ms. The process cannot access the file 'c:\project\bank_ecosystem\src\BankingEcosystem.Backend\bin\Debug\net10.0\BankingEcosystem.Shared.dll' because it is being used by another process. The file is locked by: "BankingEcosystem.Backend (3420)" [c:\project\bank_ecosystem\src\BankingEcosystem.Backend\BankingEcosystem.Backend.csproj]
C:\Program Files\dotnet\sdk\10.0.102\Microsoft.Common.CurrentVersion.targets(5080,5): warning MSB3026: Could not copy "c:\project\bank_ecosystem\src\BankingEcosystem.Shared\bin\Debug\net10.0\BankingEcosystem.Shared.dll" to "bin\Debug\net10.0\BankingEcosystem.Shared.dll". Beginning retry 5 in 1000ms. The process cannot access the file 'c:\project\bank_ecosystem\src\BankingEcosystem.Backend\bin\Debug\net10.0\BankingEcosystem.Shared.dll' because it is being used by another process. The file is locked by: "BankingEcosystem.Backend (3420)" [c:\project\bank_ecosystem\src\BankingEcosystem.Backend\BankingEcosystem.Backend.csproj]
C:\Program Files\dotnet\sdk\10.0.102\Microsoft.Common.CurrentVersion.targets(5080,5): warning MSB3026: Could not copy "c:\project\bank_ecosystem\src\BankingEcosystem.Shared\bin\Debug\net10.0\BankingEcosystem.Shared.dll" to "bin\Debug\net10.0\BankingEcosystem.Shared.dll". Beginning retry 6 in 1000ms. The process cannot access the file 'c:\project\bank_ecosystem\src\BankingEcosystem.Backend\bin\Debug\net10.0\BankingEcosystem.Shared.dll' because it is being used by another process. The file is locked by: "BankingEcosystem.Backend (3420)" [c:\project\bank_ecosystem\src\BankingEcosystem.Backend\BankingEcosystem.Backend.csproj]
C:\Program Files\dotnet\sdk\10.0.102\Microsoft.Common.CurrentVersion.targets(5080,5): warning MSB3026: Could not copy "c:\project\bank_ecosystem\src\BankingEcosystem.Shared\bin\Debug\net10.0\BankingEcosystem.Shared.dll" to "bin\Debug\net10.0\BankingEcosystem.Shared.dll". Beginning retry 7 in 1000ms. The process cannot access the file 'c:\project\bank_ecosystem\src\BankingEcosystem.Backend\bin\Debug\net10.0\BankingEcosystem.Shared.dll' because it is being used by another process. The file is locked by: "BankingEcosystem.Backend (3420)" [c:\project\bank_ecosystem\src\BankingEcosystem.Backend\BankingEcosystem.Backend.csproj]
C:\Program Files\dotnet\sdk\10.0.102\Microsoft.Common.CurrentVersion.targets(5080,5): warning MSB3026: Could not copy "c:\project\bank_ecosystem\src\BankingEcosystem.Shared\bin\Debug\net10.0\BankingEcosystem.Shared.dll" to "bin\Debug\net10.0\BankingEcosystem.Shared.dll". Beginning retry 8 in 1000ms. The process cannot access the file 'c:\project\bank_ecosystem\src\BankingEcosystem.Backend\bin\Debug\net10.0\BankingEcosystem.Shared.dll' because it is being used by another process. The file is locked by: "BankingEcosystem.Backend (3420)" [c:\project\bank_ecosystem\src\BankingEcosystem.Backend\BankingEcosystem.Backend.csproj]
C:\Program Files\dotnet\sdk\10.0.102\Microsoft.Common.CurrentVersion.targets(5080,5): warning MSB3026: Could not copy "c:\project\bank_ecosystem\src\BankingEcosystem.Shared\bin\Debug\net10.0\BankingEcosystem.Shared.dll" to "bin\Debug\net10.0\BankingEcosystem.Shared.dll". Beginning retry 9 in 1000ms. The process cannot access the file 'c:\project\bank_ecosystem\src\BankingEcosystem.Backend\bin\Debug\net10.0\BankingEcosystem.Shared.dll' because it is being used by another process. The file is locked by: "BankingEcosystem.Backend (3420)" [c:\project\bank_ecosystem\src\BankingEcosystem.Backend\BankingEcosystem.Backend.csproj]
C:\Program Files\dotnet\sdk\10.0.102\Microsoft.Common.CurrentVersion.targets(5080,5): warning MSB3026: Could not copy "c:\project\bank_ecosystem\src\BankingEcosystem.Shared\bin\Debug\net10.0\BankingEcosystem.Shared.dll" to "bin\Debug\net10.0\BankingEcosystem.Shared.dll". Beginning retry 10 in 1000ms. The process cannot access the file 'c:\project\bank_ecosystem\src\BankingEcosystem.Backend\bin\Debug\net10.0\BankingEcosystem.Shared.dll' because it is being used by another process. The file is locked by: "BankingEcosystem.Backend (3420)" [c:\project\bank_ecosystem\src\BankingEcosystem.Backend\BankingEcosystem.Backend.csproj]
C:\Program Files\dotnet\sdk\10.0.102\Microsoft.Common.CurrentVersion.targets(5080,5): error MSB3027: Could not copy "c:\project\bank_ecosystem\src\BankingEcosystem.Shared\bin\Debug\net10.0\BankingEcosystem.Shared.dll" to "bin\Debug\net10.0\BankingEcosystem.Shared.dll". Exceeded retry count of 10. Failed. The file is locked by: "BankingEcosystem.Backend (3420)" [c:\project\bank_ecosystem\src\BankingEcosystem.Backend\BankingEcosystem.Backend.csproj]
C:\Program Files\dotnet\sdk\10.0.102\Microsoft.Common.CurrentVersion.targets(5080,5): error MSB3021: Unable to copy file "c:\project\bank_ecosystem\src\BankingEcosystem.Shared\bin\Debug\net10.0\BankingEcosystem.Shared.dll" to "bin\Debug\net10.0\BankingEcosystem.Shared.dll". The process cannot access the file 'c:\project\bank_ecosystem\src\BankingEcosystem.Backend\bin\Debug\net10.0\BankingEcosystem.Shared.dll' because it is being used by another process. [c:\project\bank_ecosystem\src\BankingEcosystem.Backend\BankingEcosystem.Backend.csproj]

Build FAILED.

C:\Program Files\dotnet\sdk\10.0.102\Microsoft.Common.CurrentVersion.targets(5080,5): warning MSB3026: Could not copy "c:\project\bank_ecosystem\src\BankingEcosystem.Shared\bin\Debug\net10.0\BankingEcosystem.Shared.dll" to "bin\Debug\net10.0\BankingEcosystem.Shared.dll". Beginning retry 1 in 1000ms. The process cannot access the file 'c:\project\bank_ecosystem\src\BankingEcosystem.Backend\bin\Debug\net10.0\BankingEcosystem.Shared.dll' because it is being used by another process. The file is locked by: "BankingEcosystem.Backend (3420)" [c:\project\bank_ecosystem\src\BankingEcosystem.Backend\BankingEcosystem.Backend.csproj]
C:\Program Files\dotnet\sdk\10.0.102\Microsoft.Common.CurrentVersion.targets(5080,5): warning MSB3026: Could not copy "c:\project\bank_ecosystem\src\BankingEcosystem.Shared\bin\Debug\net10.0\BankingEcosystem.Shared.dll" to "bin\Debug\net10.0\BankingEcosystem.Shared.dll". Beginning retry 2 in 1000ms. The process cannot access the file 'c:\project\bank_ecosystem\src\BankingEcosystem.Backend\bin\Debug\net10.0\BankingEcosystem.Shared.dll' because it is being used by another process. The file is locked by: "BankingEcosystem.Backend (3420)" [c:\project\bank_ecosystem\src\BankingEcosystem.Backend\BankingEcosystem.Backend.csproj]
C:\Program Files\dotnet\sdk\10.0.102\Microsoft.Common.CurrentVersion.targets(5080,5): warning MSB3026: Could not copy "c:\project\bank_ecosystem\src\BankingEcosystem.Shared\bin\Debug\net10.0\BankingEcosystem.Shared.dll" to "bin\Debug\net10.0\BankingEcosystem.Shared.dll". Beginning retry 3 in 1000ms. The process cannot access the file 'c:\project\bank_ecosystem\src\BankingEcosystem.Backend\bin\Debug\net10.0\BankingEcosystem.Shared.dll' because it is being used by another process. The file is locked by: "BankingEcosystem.Backend (3420)" [c:\project\bank_ecosystem\src\BankingEcosystem.Backend\BankingEcosystem.Backend.csproj]
C:\Program Files\dotnet\sdk\10.0.102\Microsoft.Common.CurrentVersion.targets(5080,5): warning MSB3026: Could not copy "c:\project\bank_ecosystem\src\BankingEcosystem.Shared\bin\Debug\net10.0\BankingEcosystem.Shared.dll" to "bin\Debug\net10.0\BankingEcosystem.Shared.dll". Beginning retry 4 in 1000ms. The process cannot access the file 'c:\project\bank_ecosystem\src\BankingEcosystem.Backend\bin\Debug\net10.0\BankingEcosystem.Shared.dll' because it is being used by another process. The file is locked by: "BankingEcosystem.Backend (3420)" [c:\project\bank_ecosystem\src\BankingEcosystem.Backend\BankingEcosystem.Backend.csproj]
C:\Program Files\dotnet\sdk\10.0.102\Microsoft.Common.CurrentVersion.targets(5080,5): warning MSB3026: Could not copy "c:\project\bank_ecosystem\src\BankingEcosystem.Shared\bin\Debug\net10.0\BankingEcosystem.Shared.dll" to "bin\Debug\net10.0\BankingEcosystem.Shared.dll". Beginning retry 5 in 1000ms. The process cannot access the file 'c:\project\bank_ecosystem\src\BankingEcosystem.Backend\bin\Debug\net10.0\BankingEcosystem.Shared.dll' because it is being used by another process. The file is locked by: "BankingEcosystem.Backend (3420)" [c:\project\bank_ecosystem\src\BankingEcosystem.Backend\BankingEcosystem.Backend.csproj]
C:\Program Files\dotnet\sdk\10.0.102\Microsoft.Common.CurrentVersion.targets(5080,5): warning MSB3026: Could not copy "c:\project\bank_ecosystem\src\BankingEcosystem.Shared\bin\Debug\net10.0\BankingEcosystem.Shared.dll" to "bin\Debug\net10.0\BankingEcosystem.Shared.dll". Beginning retry 6 in 1000ms. The process cannot access the file 'c:\project\bank_ecosystem\src\BankingEcosystem.Backend\bin\Debug\net10.0\BankingEcosystem.Shared.dll' because it is being used by another process. The file is locked by: "BankingEcosystem.Backend (3420)" [c:\project\bank_ecosystem\src\BankingEcosystem.Backend\BankingEcosystem.Backend.csproj]
C:\Program Files\dotnet\sdk\10.0.102\Microsoft.Common.CurrentVersion.targets(5080,5): warning MSB3026: Could not copy "c:\project\bank_ecosystem\src\BankingEcosystem.Shared\bin\Debug\net10.0\BankingEcosystem.Shared.dll" to "bin\Debug\net10.0\BankingEcosystem.Shared.dll". Beginning retry 7 in 1000ms. The process cannot access the file 'c:\project\bank_ecosystem\src\BankingEcosystem.Backend\bin\Debug\net10.0\BankingEcosystem.Shared.dll' because it is being used by another process. The file is locked by: "BankingEcosystem.Backend (3420)" [c:\project\bank_ecosystem\src\BankingEcosystem.Backend\BankingEcosystem.Backend.csproj]
C:\Program Files\dotnet\sdk\10.0.102\Microsoft.Common.CurrentVersion.targets(5080,5): warning MSB3026: Could not copy "c:\project\bank_ecosystem\src\BankingEcosystem.Shared\bin\Debug\net10.0\BankingEcosystem.Shared.dll" to "bin\Debug\net10.0\BankingEcosystem.Shared.dll". Beginning retry 8 in 1000ms. The process cannot access the file 'c:\project\bank_ecosystem\src\BankingEcosystem.Backend\bin\Debug\net10.0\BankingEcosystem.Shared.dll' because it is being used by another process. The file is locked by: "BankingEcosystem.Backend (3420)" [c:\project\bank_ecosystem\src\BankingEcosystem.Backend\BankingEcosystem.Backend.csproj]
C:\Program Files\dotnet\sdk\10.0.102\Microsoft.Common.CurrentVersion.targets(5080,5): warning MSB3026: Could not copy "c:\project\bank_ecosystem\src\BankingEcosystem.Shared\bin\Debug\net10.0\BankingEcosystem.Shared.dll" to "bin\Debug\net10.0\BankingEcosystem.Shared.dll". Beginning retry 9 in 1000ms. The process cannot access the file 'c:\project\bank_ecosystem\src\BankingEcosystem.Backend\bin\Debug\net10.0\BankingEcosystem.Shared.dll' because it is being used by another process. The file is locked by: "BankingEcosystem.Backend (3420)" [c:\project\bank_ecosystem\src\BankingEcosystem.Backend\BankingEcosystem.Backend.csproj]
C:\Program Files\dotnet\sdk\10.0.102\Microsoft.Common.CurrentVersion.targets(5080,5): warning MSB3026: Could not copy "c:\project\bank_ecosystem\src\BankingEcosystem.Shared\bin\Debug\net10.0\BankingEcosystem.Shared.dll" to "bin\Debug\net10.0\BankingEcosystem.Shared.dll". Beginning retry 10 in 1000ms. The process cannot access the file 'c:\project\bank_ecosystem\src\BankingEcosystem.Backend\bin\Debug\net10.0\BankingEcosystem.Shared.dll' because it is being used by another process. The file is locked by: "BankingEcosystem.Backend (3420)" [c:\project\bank_ecosystem\src\BankingEcosystem.Backend\BankingEcosystem.Backend.csproj]
C:\Program Files\dotnet\sdk\10.0.102\Microsoft.Common.CurrentVersion.targets(5080,5): error MSB3027: Could not copy "c:\project\bank_ecosystem\src\BankingEcosystem.Shared\bin\Debug\net10.0\BankingEcosystem.Shared.dll" to "bin\Debug\net10.0\BankingEcosystem.Shared.dll". Exceeded retry count of 10. Failed. The file is locked by: "BankingEcosystem.Backend (3420)" [c:\project\bank_ecosystem\src\BankingEcosystem.Backend\BankingEcosystem.Backend.csproj]
C:\Program Files\dotnet\sdk\10.0.102\Microsoft.Common.CurrentVersion.targets(5080,5): error MSB3021: Unable to copy file "c:\project\bank_ecosystem\src\BankingEcosystem.Shared\bin\Debug\net10.0\BankingEcosystem.Shared.dll" to "bin\Debug\net10.0\BankingEcosystem.Shared.dll". The process cannot access the file 'c:\project\bank_ecosystem\src\BankingEcosystem.Backend\bin\Debug\net10.0\BankingEcosystem.Shared.dll' because it is being used by another process. [c:\project\bank_ecosystem\src\BankingEcosystem.Backend\BankingEcosystem.Backend.csproj]
    10 Warning(s)
    2 Error(s)

Time Elapsed 00:00:14.21
